{
  "assemble": {
    "options": {
      "pages": [],
      "navigation": {
        "top":{},
        "side": {},
        "foot":{}
      }
    }
  }
}